// Jest Snapshot v1, https://goo.gl/fbAQLP

exports[`render Header 1`] = `
<header>
  <h1>
    Student Record Webpage
  </h1>
  <NavLink
    activeClassName="is-active"
    aria-current="page"
    exact={true}
    to="/"
  >
    Homepage
  </NavLink>
  <NavLink
    activeClassName="is-active"
    aria-current="page"
    to="/add"
  >
    Create Record
  </NavLink>
  <NavLink
    activeClassName="is-active"
    aria-current="page"
    to="/edit"
  >
    Edit Record
  </NavLink>
  <NavLink
    activeClassName="is-active"
    aria-current="page"
    to="/help"
  >
    Help
  </NavLink>
  <NavLink
    activeClassName="is-active"
    aria-current="page"
    to="/contact"
  >
    Registration details
  </NavLink>
</header>
`;
