// Jest Snapshot v1, https://goo.gl/fbAQLP

exports[`should render RecordList with records 1`] = `
<div>
  <RecordListItem
    address=""
    classesSinceGrading={0}
    contactTel=""
    dateJoinClub={0}
    email=""
    gradeLevel={3}
    gradingDate={0}
    id="1"
    key="1"
    mainDojo="Keynsham"
    name="Bill Jo"
    relativeContactTel=""
    relativeName=""
  />
  <RecordListItem
    address=""
    classesSinceGrading={0}
    contactTel=""
    dateJoinClub={0}
    email=""
    gradeLevel={4}
    gradingDate={2}
    id="2"
    key="2"
    mainDojo="Emersons Green"
    name="Bo Ko"
    relativeContactTel=""
    relativeName=""
  />
  <RecordListItem
    address=""
    classesSinceGrading={0}
    contactTel=""
    dateJoinClub={0}
    email=""
    gradeLevel={8}
    gradingDate={24}
    id="3"
    key="3"
    mainDojo="Filton"
    name="See Yay"
    relativeContactTel=""
    relativeName=""
  />
</div>
`;

exports[`shoulder render RecordList with empty message 1`] = `
<div>
  <p>
    No expenses
  </p>
</div>
`;
