// Jest Snapshot v1, https://goo.gl/fbAQLP

exports[`should render RecordListItem 1`] = `
<div>
  <Link
    replace={false}
    to="/edit/2"
  >
    <h3>
      Name: 
      Bo Ko
    </h3>
  </Link>
  <p>
    Main dojo: 
    Emersons Green
  </p>
  <p>
    Grade level: 
    4
  </p>
  <p>
    Grading date: 
    2
  </p>
  <p>
    Classes since grading: 
    0
  </p>
  <Link
    replace={false}
    to="/contact/2"
  >
    <h3>
      Registration and Contact details
    </h3>
  </Link>
  <br />
</div>
`;
